// Jest Snapshot v1, https://goo.gl/fbAQLP

exports[`Android BpkFlatListItemSeparator should render correctly 1`] = `
<View
  style={
    Object {
      "backgroundColor": "rgb(230, 228, 235)",
      "flex": 1,
      "height": 4,
      "marginHorizontal": 8,
    }
  }
/>
`;
